// Jest Snapshot v1, https://goo.gl/fbAQLP

exports[`List renders as expected 1`] = `
<div>
  <div
    class="p-8 w-full"
  >
    <h2
      class="font-semibold text-2xl leading-5"
    >
      Allowances
    </h2>
    <div
      class="grid grid-cols-3 py-8 gap-4"
    />
    <div
      class="py-8"
    />
  </div>
</div>
`;
